
> my-app@0.1.0 build
> next build --turbopack

   Γû▓ Next.js 15.5.9 (Turbopack)
   - Environments: .env.local

   Creating an optimized production build ...
 Γ£ô Finished writing to disk in 104ms
 Γ£ô Compiled successfully in 6.4s
   Linting and checking validity of types ...
node.exe : Failed to compile.
At C:\Program Files\nodejs\npm.ps1:29 char:3
+   & $NODE_EXE $NPM_CLI_JS $args
+   ~~~~~~~~~~~~~~~~~~~~~~~~~~~~~
    + CategoryInfo          : NotSpecified: (Failed to co 
   mpile.:String) [], RemoteException
    + FullyQualifiedErrorId : NativeCommandError
 

.next/types/validator.ts:189:31
Type error: Type 'typeof import("D:/f/my-app/src/app/api/f
orms/[id]/fields/[fieldId]/route")' does not satisfy the 
constraint 
'RouteHandlerConfig<"/api/forms/[id]/fields/[fieldId]">'.
  Types of property 'POST' are incompatible.
    Type '(request: Request, { params }: { params: { id: 
string; }; }) => Promise<NextResponse<any>>' is not 
assignable to type '(request: NextRequest, context: { 
params: Promise<{ id: string; fieldId: string; }>; }) => 
void | Response | Promise<void | Response>'.
      Types of parameters '__1' and 'context' are 
incompatible.
        Type '{ params: Promise<{ id: string; fieldId: 
string; }>; }' is not assignable to type '{ params: { id: 
string; }; }'.
          Types of property 'params' are incompatible.
            Property 'id' is missing in type 'Promise<{ 
id: string; fieldId: string; }>' but required in type '{ 
id: string; }'.

[0m [90m 187 |[39m   type 
__IsExpected[33m<[39m[33mSpecific[39m 
[36mextends[39m [33mRouteHandlerConfig[39m[33m<[39m
[32m"/api/forms/[id]/fields/[fieldId]"[39m[33m>>[39m 
[33m=[39m [33mSpecific[39m
 [90m 188 |[39m   [36mconst[39m handler [33m=[39m 
{} [36mas[39m [36mtypeof[39m [36mimport[39m([32m"..
/../src/app/api/forms/[id]/fields/[fieldId]/route.js"[39m
)
[31m[1m>[22m[39m[90m 189 |[39m   type __Check 
[33m=[39m __IsExpected[33m<[39m[36mtypeof[39m 
handler[33m>[39m
 [90m     |[39m                               
[31m[1m^[22m[39m
 [90m 190 |[39m   [90m// @ts-ignore[39m
 [90m 191 |[39m   type __Unused [33m=[39m __Check
 [90m 192 |[39m }[0m
Next.js build worker exited with code: 1 and signal: null
